Jul-11 02:41:06.996 [main] DEBUG nextflow.cli.Launcher - $> nextflow run main.nf
Jul-11 02:41:07.035 [main] DEBUG nextflow.cli.CmdRun - N E X T F L O W  ~  version 25.10.4
Jul-11 02:41:07.047 [main] DEBUG nextflow.plugin.PluginsFacade - Setting up plugin manager > mode=prod; embedded=false; plugins-dir=/Users/saba/.nextflow/plugins; core-plugins: nf-amazon@3.4.4,nf-azure@1.20.2,nf-cloudcache@0.5.0,nf-codecommit@0.5.0,nf-console@1.3.0,nf-google@1.23.5,nf-k8s@1.2.2,nf-tower@1.17.5,nf-wave@1.16.1
Jul-11 02:41:07.060 [main] INFO  o.pf4j.DefaultPluginStatusProvider - Enabled plugins: []
Jul-11 02:41:07.060 [main] INFO  o.pf4j.DefaultPluginStatusProvider - Disabled plugins: []
Jul-11 02:41:07.061 [main] INFO  org.pf4j.DefaultPluginManager - PF4J version 3.12.0 in 'deployment' mode
Jul-11 02:41:07.069 [main] DEBUG nextflow.util.RetryConfig - Missing nextflow session - using default retry config
Jul-11 02:41:07.148 [main] INFO  org.pf4j.AbstractPluginManager - No plugins
Jul-11 02:41:07.160 [main] DEBUG nextflow.config.ConfigBuilder - Found config local: /Users/saba/Documents/GitHub/PangenomeAnalysis/nextflow.config
Jul-11 02:41:07.161 [main] DEBUG nextflow.config.ConfigBuilder - Parsing config file: /Users/saba/Documents/GitHub/PangenomeAnalysis/nextflow.config
Jul-11 02:41:07.171 [main] DEBUG nextflow.config.ConfigBuilder - Applying config profile: `standard`
Jul-11 02:41:07.406 [main] DEBUG nextflow.plugin.PluginsFacade - Plugins default=[]
Jul-11 02:41:07.406 [main] DEBUG nextflow.plugin.PluginsFacade - Plugins resolved requirement=[]
Jul-11 02:41:07.413 [main] DEBUG n.secret.LocalSecretsProvider - Secrets store: /Users/saba/.nextflow/secrets/store.json
Jul-11 02:41:07.414 [main] DEBUG nextflow.secret.SecretsLoader - Discovered secrets providers: [nextflow.secret.LocalSecretsProvider@1d247525] - activable => nextflow.secret.LocalSecretsProvider@1d247525
Jul-11 02:41:07.419 [main] DEBUG nextflow.cli.CmdRun - Applied DSL=2 from script declaration
Jul-11 02:41:07.428 [main] DEBUG nextflow.cli.CmdRun - Launching `main.nf` [suspicious_euclid] DSL2 - revision: 9a32d9141f
Jul-11 02:41:07.449 [main] DEBUG nextflow.Session - Session UUID: 0a4eb3fb-adb8-437d-b898-f20633f6b381
Jul-11 02:41:07.450 [main] DEBUG nextflow.Session - Run name: suspicious_euclid
Jul-11 02:41:07.450 [main] DEBUG nextflow.Session - Executor pool size: 10
Jul-11 02:41:07.453 [main] DEBUG nextflow.file.FilePorter - File porter settings maxRetries=3; maxTransfers=50; pollTimeout=null
Jul-11 02:41:07.454 [main] DEBUG nextflow.util.ThreadPoolBuilder - Creating thread pool 'FileTransfer' minSize=10; maxSize=30; workQueue=LinkedBlockingQueue[-1]; allowCoreThreadTimeout=false
Jul-11 02:41:07.469 [main] DEBUG nextflow.cli.CmdRun - 
  Version: 25.10.4 build 0
  Created: 10-02-2026 14:37 UTC (11:07 NDT)
  System: Mac OS X 26.2
  Runtime: Groovy 4.0.28 on OpenJDK 64-Bit Server VM 25.0.2
  Encoding: UTF-8 (UTF-8)
  Process: 11815@Mac [192.168.2.54]
  CPUs: 10 - Mem: 16 GB (178.2 MB) - Swap: 0 (0)
Jul-11 02:41:07.476 [main] DEBUG nextflow.Session - Work-dir: /Users/saba/Documents/GitHub/PangenomeAnalysis/work [Mac OS X]
Jul-11 02:41:07.476 [main] DEBUG nextflow.Session - Script base path does not exist or is not a directory: /Users/saba/Documents/GitHub/PangenomeAnalysis/bin
Jul-11 02:41:07.480 [main] DEBUG nextflow.executor.ExecutorFactory - Extension executors providers=[]
Jul-11 02:41:07.483 [main] DEBUG nextflow.Session - Observer factory (v2): LinObserverFactory
Jul-11 02:41:07.484 [main] DEBUG nextflow.Session - Observer factory (v2): DefaultObserverFactory
Jul-11 02:41:07.499 [main] DEBUG nextflow.cache.CacheFactory - Using Nextflow cache factory: nextflow.cache.DefaultCacheFactory
Jul-11 02:41:07.512 [main] DEBUG nextflow.util.CustomThreadPool - Creating default thread pool > poolSize: 11; maxThreads: 1000
Jul-11 02:41:07.537 [main] DEBUG nextflow.Session - Session start
Jul-11 02:41:07.539 [main] DEBUG nextflow.trace.TraceFileObserver - Workflow started -- trace file: /Users/saba/Documents/GitHub/PangenomeAnalysis/output/execution_trace.txt
Jul-11 02:41:08.116 [main] DEBUG nextflow.script.ScriptRunner - > Launching execution
Jul-11 02:41:08.439 [main] INFO  nextflow.Nextflow - Starting pangenome pipeline
Jul-11 02:41:08.440 [main] INFO  nextflow.Nextflow - Base directory: /Users/saba/Documents/GitHub/PangenomeAnalysis
Jul-11 02:41:08.440 [main] INFO  nextflow.Nextflow - Input directory: /Users/saba/Documents/GitHub/PangenomeAnalysis/FASTA_inputs
Jul-11 02:41:08.453 [main] INFO  nextflow.Nextflow - Consolidated files not found. Running consolidation...
Jul-11 02:41:08.468 [main] DEBUG nextflow.executor.ExecutorFactory - << taskConfig executor: null
Jul-11 02:41:08.468 [main] DEBUG nextflow.executor.ExecutorFactory - >> processorType: 'local'
Jul-11 02:41:08.474 [main] DEBUG nextflow.executor.Executor - [warm up] executor > local
Jul-11 02:41:08.478 [main] DEBUG n.processor.LocalPollingMonitor - Creating local task monitor for executor 'local' > cpus=12; memory=32 GB; capacity=10; pollInterval=100ms; dumpInterval=5m
Jul-11 02:41:08.479 [main] DEBUG n.processor.TaskPollingMonitor - >>> barrier register (monitor: local)
Jul-11 02:41:08.493 [main] DEBUG nextflow.processor.TaskProcessor - Creating process 'consolidateSequences': maxForks=0; fair=false; array=0
Jul-11 02:41:08.509 [main] WARN  nextflow.Nextflow - CD-HIT Revigo files not found - skipping Revigo-based functional analysis
Jul-11 02:41:08.509 [main] INFO  nextflow.Nextflow - Running CD-HIT clustering method
Jul-11 02:41:08.510 [main] DEBUG n.script.dsl.ProcessConfigBuilder - Config settings `withName:runCDHIT` matches process runCDHIT
Jul-11 02:41:08.510 [main] DEBUG nextflow.executor.ExecutorFactory - << taskConfig executor: null
Jul-11 02:41:08.510 [main] DEBUG nextflow.executor.ExecutorFactory - >> processorType: 'local'
Jul-11 02:41:08.511 [main] DEBUG nextflow.processor.TaskProcessor - Creating process 'runCDHIT': maxForks=0; fair=false; array=0
Jul-11 02:41:08.520 [main] DEBUG nextflow.executor.ExecutorFactory - << taskConfig executor: null
Jul-11 02:41:08.520 [main] DEBUG nextflow.executor.ExecutorFactory - >> processorType: 'local'
Jul-11 02:41:08.520 [main] DEBUG nextflow.processor.TaskProcessor - Creating process 'renameCDHITSequences': maxForks=0; fair=false; array=0
Jul-11 02:41:08.522 [main] DEBUG n.script.dsl.ProcessConfigBuilder - Config settings `withName:generatePangenomeTables` matches process generateCDHITPangenomeTables
Jul-11 02:41:08.522 [main] DEBUG nextflow.executor.ExecutorFactory - << taskConfig executor: null
Jul-11 02:41:08.522 [main] DEBUG nextflow.executor.ExecutorFactory - >> processorType: 'local'
Jul-11 02:41:08.522 [main] DEBUG nextflow.processor.TaskProcessor - Creating process 'generateCDHITPangenomeTables': maxForks=0; fair=false; array=0
Jul-11 02:41:08.524 [main] DEBUG nextflow.executor.ExecutorFactory - << taskConfig executor: null
Jul-11 02:41:08.524 [main] DEBUG nextflow.executor.ExecutorFactory - >> processorType: 'local'
Jul-11 02:41:08.524 [main] DEBUG nextflow.processor.TaskProcessor - Creating process 'validateCDHITPangenome': maxForks=0; fair=false; array=0
Jul-11 02:41:08.525 [main] DEBUG nextflow.executor.ExecutorFactory - << taskConfig executor: null
Jul-11 02:41:08.525 [main] DEBUG nextflow.executor.ExecutorFactory - >> processorType: 'local'
Jul-11 02:41:08.526 [main] DEBUG nextflow.processor.TaskProcessor - Creating process 'analyzeAndValidateCoreGenomeCDHIT': maxForks=0; fair=false; array=0
Jul-11 02:41:08.529 [main] DEBUG nextflow.executor.ExecutorFactory - << taskConfig executor: null
Jul-11 02:41:08.529 [main] DEBUG nextflow.executor.ExecutorFactory - >> processorType: 'local'
Jul-11 02:41:08.529 [main] DEBUG nextflow.processor.TaskProcessor - Creating process 'extractDominantAllelesWithCoreCDHIT': maxForks=0; fair=false; array=0
Jul-11 02:41:08.530 [main] DEBUG n.script.dsl.ProcessConfigBuilder - Config settings `withName:annotateSmartDominantAlleles` matches process annotateSmartDominantAllelesCDHIT
Jul-11 02:41:08.530 [main] DEBUG nextflow.executor.ExecutorFactory - << taskConfig executor: null
Jul-11 02:41:08.530 [main] DEBUG nextflow.executor.ExecutorFactory - >> processorType: 'local'
Jul-11 02:41:08.530 [main] DEBUG nextflow.processor.TaskProcessor - Creating process 'annotateSmartDominantAllelesCDHIT': maxForks=0; fair=false; array=0
Jul-11 02:41:08.533 [main] DEBUG nextflow.executor.ExecutorFactory - << taskConfig executor: null
Jul-11 02:41:08.533 [main] DEBUG nextflow.executor.ExecutorFactory - >> processorType: 'local'
Jul-11 02:41:08.533 [main] DEBUG nextflow.processor.TaskProcessor - Creating process 'analyzeHeapsLawCDHIT': maxForks=0; fair=false; array=0
Jul-11 02:41:08.537 [main] DEBUG nextflow.executor.ExecutorFactory - << taskConfig executor: null
Jul-11 02:41:08.537 [main] DEBUG nextflow.executor.ExecutorFactory - >> processorType: 'local'
Jul-11 02:41:08.537 [main] DEBUG nextflow.processor.TaskProcessor - Creating process 'analyzeGeneStructureCDHIT': maxForks=0; fair=false; array=0
Jul-11 02:41:08.538 [main] INFO  nextflow.Nextflow - Skipping Revigo functional analysis for CD-HIT - Revigo files not found
Jul-11 02:41:08.538 [main] DEBUG nextflow.Session - Workflow process names [dsl2]: annotateSmartDominantAlleles, annotateSmartDominantAllelesFoldseek, validatePangenome, validateFoldseekPangenome, foldseekCluster, renameSequences, renameCDHITSequences, validateCDHITPangenome, analyzeClusteredFunctionalCoreCDHIT, validateSwiftOrthoPangenome, generateSwiftOrthoPangenomeTables, analyzeAndValidateCoreGenomeFoldseek, clusterGOTermsWithGOAToolsCDHIT, analyzeHeapsLawCDHIT, generateFoldseekPangenomeTables, analyzeHeapsLaw, extractDominantAllelesWithCore, consolidateSequences, generateCDHITPangenomeTables, analyzeGeneStructureSwift, analyzeClusteredFunctionalCore, extractDominantAllelesWithCoreCDHIT, analyzeGeneStructureCDHIT, analyzeRevigoFunctionalCoreCDHIT, renameSwiftOrthoSequences, extractDominantAllelesWithCoreSwift, analyzeRevigoFunctionalCoreSwift, categorizeGOTerms, runCDHIT, analyzeGeneStructure, viewSwiftOrthoPangenome, analyzeHeapsLawSwiftOrtho, categorizeGOTermsFoldseek, analyzeAndValidateCoreGenome, runSwiftOrtho, clusterGOTermsWithGOATools, categorizeGOTermsCDHIT, viewCDHITPangenome, analyzeHeapsLawFoldseek, viewFoldseekPangenome, viewPangenome, renameFoldseekSequences, analyzeFunctionalCore, foldseekCreateDB, annotateSmartDominantAllelesSwift, analyzeRevigoFunctionalCore, analyzeGeneStructureFoldseek, analyzeAndValidateCoreGenomeCDHIT, annotateSmartDominantAllelesCDHIT, extractDominantAllelesWithCoreFoldseek, analyzeRevigoFunctionalCoreFoldseek, generatePangenomeTables, analyzeAndValidateCoreGenomeSwift
Jul-11 02:41:08.539 [main] DEBUG nextflow.Session - Igniting dataflow network (13)
Jul-11 02:41:08.541 [main] DEBUG nextflow.processor.TaskProcessor - Starting process > consolidateSequences
Jul-11 02:41:08.542 [main] DEBUG nextflow.processor.TaskProcessor - Starting process > runCDHIT
Jul-11 02:41:08.542 [main] DEBUG nextflow.processor.TaskProcessor - Starting process > renameCDHITSequences
Jul-11 02:41:08.542 [main] DEBUG nextflow.processor.TaskProcessor - Starting process > generateCDHITPangenomeTables
Jul-11 02:41:08.542 [main] DEBUG nextflow.processor.TaskProcessor - Starting process > validateCDHITPangenome
Jul-11 02:41:08.542 [main] DEBUG nextflow.processor.TaskProcessor - Starting process > analyzeAndValidateCoreGenomeCDHIT
Jul-11 02:41:08.542 [main] DEBUG nextflow.processor.TaskProcessor - Starting process > extractDominantAllelesWithCoreCDHIT
Jul-11 02:41:08.542 [main] DEBUG nextflow.processor.TaskProcessor - Starting process > annotateSmartDominantAllelesCDHIT
Jul-11 02:41:08.542 [main] DEBUG nextflow.processor.TaskProcessor - Starting process > analyzeHeapsLawCDHIT
Jul-11 02:41:08.542 [main] DEBUG nextflow.processor.TaskProcessor - Starting process > analyzeGeneStructureCDHIT
Jul-11 02:41:08.542 [main] DEBUG nextflow.script.ScriptRunner - Parsed script files:
  Script_51a45f143450fa80: /Users/saba/Documents/GitHub/PangenomeAnalysis/main.nf
  Script_0fe2235286a6da65: /Users/saba/Documents/GitHub/PangenomeAnalysis/modules.nf
Jul-11 02:41:08.542 [main] DEBUG nextflow.script.ScriptRunner - > Awaiting termination 
Jul-11 02:41:08.542 [main] DEBUG nextflow.Session - Session await
Jul-11 02:41:08.564 [Actor Thread 1] INFO  nextflow.processor.TaskProcessor - [skipping] Stored process > consolidateSequences (1)
Jul-11 02:41:08.570 [Actor Thread 6] INFO  nextflow.processor.TaskProcessor - [skipping] Stored process > runCDHIT (1)
Jul-11 02:41:08.574 [Actor Thread 1] DEBUG nextflow.util.ThreadPoolBuilder - Creating thread pool 'PublishDir' minSize=10; maxSize=30; workQueue=LinkedBlockingQueue[-1]; allowCoreThreadTimeout=false
Jul-11 02:41:08.595 [Actor Thread 4] INFO  nextflow.processor.TaskProcessor - [skipping] Stored process > renameCDHITSequences (1)
Jul-11 02:41:08.599 [Actor Thread 10] INFO  nextflow.processor.TaskProcessor - [skipping] Stored process > generateCDHITPangenomeTables (1)
Jul-11 02:41:08.603 [Actor Thread 6] INFO  nextflow.processor.TaskProcessor - [skipping] Stored process > analyzeHeapsLawCDHIT (1)
Jul-11 02:41:08.603 [Actor Thread 2] INFO  nextflow.processor.TaskProcessor - [skipping] Stored process > validateCDHITPangenome (1)
Jul-11 02:41:08.603 [Actor Thread 4] INFO  nextflow.processor.TaskProcessor - [skipping] Stored process > analyzeAndValidateCoreGenomeCDHIT (1)
Jul-11 02:41:08.607 [Actor Thread 13] INFO  nextflow.processor.TaskProcessor - [skipping] Stored process > extractDominantAllelesWithCoreCDHIT (1)
Jul-11 02:41:08.610 [Actor Thread 12] INFO  nextflow.processor.TaskProcessor - [skipping] Stored process > annotateSmartDominantAllelesCDHIT (1)
Jul-11 02:41:08.616 [Actor Thread 11] INFO  nextflow.processor.TaskProcessor - [skipping] Stored process > analyzeGeneStructureCDHIT (1)
Jul-11 02:41:08.618 [main] DEBUG nextflow.Session - Session await > all processes finished
Jul-11 02:41:08.691 [Task monitor] DEBUG n.processor.TaskPollingMonitor - <<< barrier arrives (monitor: local) - terminating tasks monitor poll loop
Jul-11 02:41:08.691 [main] DEBUG nextflow.Session - Session await > all barriers passed
Jul-11 02:41:08.692 [main] DEBUG nextflow.util.ThreadPoolManager - Thread pool 'PublishDir' shutdown completed (hard=false)
Jul-11 02:41:08.695 [main] DEBUG n.trace.WorkflowStatsObserver - Workflow completed > WorkflowStats[succeededCount=0; failedCount=0; ignoredCount=0; cachedCount=0; pendingCount=0; submittedCount=0; runningCount=0; retriesCount=0; abortedCount=0; succeedDuration=0ms; failedDuration=0ms; cachedDuration=0ms;loadCpus=0; loadMemory=0; peakRunning=0; peakCpus=0; peakMemory=0; ]
Jul-11 02:41:08.794 [main] DEBUG nextflow.trace.ReportObserver - Workflow completed -- rendering execution report
Jul-11 02:41:09.273 [main] DEBUG nextflow.trace.TimelineObserver - Workflow completed -- rendering execution timeline
Jul-11 02:41:09.318 [main] DEBUG nextflow.trace.TraceFileObserver - Workflow completed -- saving trace file
Jul-11 02:41:09.320 [main] DEBUG nextflow.cache.CacheDB - Closing CacheDB done
Jul-11 02:41:09.332 [main] DEBUG nextflow.util.ThreadPoolManager - Thread pool 'FileTransfer' shutdown completed (hard=false)
Jul-11 02:41:09.332 [main] DEBUG nextflow.script.ScriptRunner - > Execution complete -- Goodbye
